2026-06-09 23:11:18,444 [INFO] Reading from: /Users/john.angeles/Desktop/katalyst/Jared's Weekly To-Do's.xlsx
2026-06-09 23:11:18,444 [INFO] Sheet: 6.1.26 Economics
2026-06-09 23:11:18,444 [INFO] Dry run: False
2026-06-09 23:11:21,923 [INFO] Extracted 7 call notes from sheet '6.1.26 Economics'
2026-06-09 23:11:21,924 [INFO] [1/7] Processing: Aaron Bernard
2026-06-09 23:11:23,507 [INFO] Exact match found for 'Aaron Bernard': contactId=Jg6MNoKB7WWideXGqFn2
2026-06-09 23:11:24,512 [INFO] Note created: noteId=8cTv5o9MoBzrLFjmQe64 for contactId=Jg6MNoKB7WWideXGqFn2
2026-06-09 23:11:25,014 [INFO] [2/7] Processing: Aquib Ali
2026-06-09 23:11:25,553 [INFO] Exact match found for 'Aquib Ali': contactId=dCPIMNuahMRKplRtgIID
2026-06-09 23:11:26,556 [INFO] Note created: noteId=yUf0cvC7eiCeQvg8TpP0 for contactId=dCPIMNuahMRKplRtgIID
2026-06-09 23:11:27,061 [INFO] [3/7] Processing: Becky Hiu
2026-06-09 23:11:27,407 [INFO] Exact match found for 'Becky Hiu': contactId=k34rvyJieNXzwpVIK2GD
2026-06-09 23:11:28,179 [INFO] Note created: noteId=AwrmloixuwLxBGKfAVF7 for contactId=k34rvyJieNXzwpVIK2GD
2026-06-09 23:11:28,681 [INFO] [4/7] Processing: Bob Davis
2026-06-09 23:11:29,278 [INFO] Exact match found for 'Bob Davis': contactId=lIPL7QAhVTOLg4QQpmUi
2026-06-09 23:11:30,246 [INFO] Note created: noteId=7QKH1g6QGYI3PMECsMk1 for contactId=lIPL7QAhVTOLg4QQpmUi
2026-06-09 23:11:30,751 [INFO] [5/7] Processing: Kyle Galloway
2026-06-09 23:11:31,107 [INFO] Exact match found for 'Kyle Galloway': contactId=7AC8ps6BCGR3k6kJkfVM
2026-06-09 23:11:31,990 [INFO] Note created: noteId=S4wAjAACBMjSC6sBuMuv for contactId=7AC8ps6BCGR3k6kJkfVM
2026-06-09 23:11:32,495 [INFO] [6/7] Processing: Merle Laswell
2026-06-09 23:11:32,845 [INFO] Exact match found for 'Merle Laswell': contactId=itfztLiiAf1mg3zCOydc
2026-06-09 23:11:33,730 [INFO] Note created: noteId=PDBo6L1XyRCCtlrG0AwO for contactId=itfztLiiAf1mg3zCOydc
2026-06-09 23:11:34,231 [INFO] [7/7] Processing: Deris Duncan
2026-06-09 23:11:34,575 [INFO] Exact match found for 'Deris Duncan': contactId=obIhPj6aYwzcr52Nw1oa
2026-06-09 23:11:35,364 [INFO] Note created: noteId=QPh5kKWnGTUgYDhsTLFs for contactId=obIhPj6aYwzcr52Nw1oa
2026-06-09 23:11:35,870 [INFO] ============================================================
2026-06-09 23:11:35,870 [INFO] Sync Summary (6.1.26 Economics):
2026-06-09 23:11:35,870 [INFO]   Total call notes:    7
2026-06-09 23:11:35,870 [INFO]   Synced:              7
2026-06-09 23:11:35,870 [INFO]   Skipped (duplicate): 0
2026-06-09 23:11:35,870 [INFO]   Not found in GHL:    0
2026-06-09 23:11:35,870 [INFO]   Failed:              0
2026-06-09 23:11:35,870 [INFO] ============================================================
2026-06-09 23:11:35,874 [INFO] Sync log written to: /Users/john.angeles/Desktop/katalyst/sync_logs/sync_log_6-1-26_20260609_231135.csv
